2025-05-19 11:37:22 - DELETE REQUEST: {"projectId":"682acbe836469b434b000244"}
2025-05-19 11:37:22 - SESSION: Array
(
    [logged_in] => 1
    [user_type] => faculty
    [user_data] => Array
        (
            [_id] => Array
                (
                    [$oid] => 68266805617c9cdcb302f742
                )

            [name] => Samin
            [email] => www.mayen017@gmail.com
            [role] => admin
        )

    [user_id] => 68266805617c9cdcb302f742
)

2025-05-19 11:37:22 - UserId extracted: 68266805617c9cdcb302f742
2025-05-19 11:37:22 - Decoded data: Array
(
    [projectId] => 682acbe836469b434b000244
)

2025-05-19 11:37:22 - ProjectId to delete: 682acbe836469b434b000244
2025-05-19 11:37:22 - Created ObjectId successfully
2025-05-19 11:37:22 - Project found, attempting to delete
2025-05-19 11:37:23 - Project deleted successfully
2025-05-19 11:44:44 - DELETE REQUEST: {"projectId":"682ae470314b6622be02c126"}
2025-05-19 11:44:44 - SESSION: Array
(
    [logged_in] => 1
    [user_type] => faculty
    [user_data] => Array
        (
            [_id] => Array
                (
                    [$oid] => 68266805617c9cdcb302f742
                )

            [name] => Samin
            [email] => www.mayen017@gmail.com
            [role] => admin
        )

    [user_id] => 68266805617c9cdcb302f742
)

2025-05-19 11:44:44 - UserId extracted: 68266805617c9cdcb302f742
2025-05-19 11:44:44 - Decoded data: Array
(
    [projectId] => 682ae470314b6622be02c126
)

2025-05-19 11:44:44 - ProjectId to delete: 682ae470314b6622be02c126
2025-05-19 11:44:44 - Created ObjectId successfully
2025-05-19 11:44:44 - Project found, attempting to delete
2025-05-19 11:44:44 - Project deleted successfully
2025-05-19 11:44:50 - DELETE REQUEST: {"projectId":"682ae470314b6622be02c126"}
2025-05-19 11:44:50 - SESSION: Array
(
    [logged_in] => 1
    [user_type] => faculty
    [user_data] => Array
        (
            [_id] => Array
                (
                    [$oid] => 68266805617c9cdcb302f742
                )

            [name] => Samin
            [email] => www.mayen017@gmail.com
            [role] => admin
        )

    [user_id] => 68266805617c9cdcb302f742
)

2025-05-19 11:44:50 - UserId extracted: 68266805617c9cdcb302f742
2025-05-19 11:44:50 - Decoded data: Array
(
    [projectId] => 682ae470314b6622be02c126
)

2025-05-19 11:44:50 - ProjectId to delete: 682ae470314b6622be02c126
2025-05-19 11:44:50 - Created ObjectId successfully
2025-05-19 11:44:50 - Project not found with ID: 682ae470314b6622be02c126
2025-06-05 13:54:58 - DELETE REQUEST: {"projectId":"68418440067d8c496f07f706"}
2025-06-05 13:54:58 - SESSION: Array
(
    [logged_in] => 1
    [user_type] => student
    [username] => Sadia Akter
    [profile_pic] => uploads\profile_images\user_avater.png
    [email] => sadia.bscse@university.edu
    [user_data] => Array
        (
            [_id] => Array
                (
                    [$oid] => 6656d4b4f7e5b8c9a0a1b2c8
                )

            [basic_info] => Array
                (
                    [name] => Sadia Akter
                    [profile_image_url] => uploads\profile_images\user_avater.png
                )

            [contact_info] => Array
                (
                    [primary_email] => sadia.bscse@university.edu
                )

            [academic_info] => Array
                (
                    [student_id_components] => Array
                        (
                            [program_name] => Bachelor of Science in Computer Science & Engineering
                            [program_code] => 011
                            [admission_year] => 23
                            [admission_trimester] => 3
                            [serial_number] => 0022
                        )

                    [student_id] => 0112330022
                    [department] => Computer Science and Engineering
                    [faculty] => School of Science & Engineering
                    [current_status] => Active
                    [enrollment_date] => Array
                        (
                            [$date] => Array
                                (
                                    [$numberLong] => 1693526400000
                                )

                        )

                    [expected_graduation_date] => Array
                        (
                            [$date] => Array
                                (
                                    [$numberLong] => 1819756800000
                                )

                        )

                    [current_year_trimester] => 2nd Year, Fall Trimester
                    [cgpa] => 3.8
                    [current_degree_info] => Array
                        (
                            [degree_level] => Bachelor's
                            [degree_name] => B.Sc. in Computer Science and Engineering
                            [institution_name] => United International University
                            [major_field_of_study] => Software Engineering
                            [start_date] => Array
                                (
                                    [$date] => Array
                                        (
                                            [$numberLong] => 1693526400000
                                        )

                                )

                        )

                    [thesis_info] => 
                )

            [university_research_profile] => Array
                (
                    [research_interests] => Array
                        (
                            [0] => Software Development
                            [1] => Web Technologies
                            [2] => AI Ethics
                        )

                    [skills_expertise] => Array
                        (
                            [0] => JavaScript
                            [1] => React
                            [2] => Node.js
                            [3] => MongoDB
                        )

                    [university_publications] => Array
                        (
                        )

                    [university_projects] => Array
                        (
                        )

                )

            [platform_settings] => Array
                (
                    [user_role] => student
                    [account_creation_date] => Array
                        (
                            [$date] => Array
                                (
                                    [$numberLong] => 1693180800000
                                )

                        )

                    [last_updated_date] => Array
                        (
                            [$date] => Array
                                (
                                    [$numberLong] => 1746057600000
                                )

                        )

                )

        )

    [user_id] => 6656d4b4f7e5b8c9a0a1b2c8
)

2025-06-05 13:54:58 - UserId extracted: 6656d4b4f7e5b8c9a0a1b2c8
2025-06-05 13:54:58 - Decoded data: Array
(
    [projectId] => 68418440067d8c496f07f706
)

2025-06-05 13:54:58 - ProjectId to delete: 68418440067d8c496f07f706
2025-06-05 13:54:58 - Created ObjectId successfully
2025-06-05 13:54:58 - Project found, attempting to delete
2025-06-05 13:54:58 - Project deleted successfully
2025-06-20 08:36:19 - DELETE REQUEST: {"projectId":"6855014411604ded39017b05"}
2025-06-20 08:36:19 - SESSION: Array
(
    [logged_in] => 1
    [user_type] => student
    [username] => Imran Hasan
    [profile_pic] => uploads\profile_images\user_avater.png
    [email] => imran.bba@university.edu
    [user_data] => Array
        (
            [_id] => Array
                (
                    [$oid] => 6656d4b4f7e5b8c9a0a1b2c9
                )

            [basic_info] => Array
                (
                    [name] => Imran Hasan
                    [profile_image_url] => uploads\profile_images\user_avater.png
                )

            [contact_info] => Array
                (
                    [primary_email] => imran.bba@university.edu
                )

            [academic_info] => Array
                (
                    [student_id_components] => Array
                        (
                            [program_name] => Bachelor of Business Administration
                            [program_code] => 021
                            [admission_year] => 24
                            [admission_trimester] => 1
                            [serial_number] => 0030
                        )

                    [student_id] => 0212410030
                    [department] => Business Administration
                    [faculty] => School of Business & Economics
                    [current_status] => Active
                    [enrollment_date] => Array
                        (
                            [$date] => Array
                                (
                                    [$numberLong] => 1705276800000
                                )

                        )

                    [expected_graduation_date] => Array
                        (
                            [$date] => Array
                                (
                                    [$numberLong] => 1831507200000
                                )

                        )

                    [current_year_trimester] => 1st Year, Spring Trimester
                    [cgpa] => 
                    [current_degree_info] => Array
                        (
                            [degree_level] => Bachelor's
                            [degree_name] => Bachelor of Business Administration
                            [institution_name] => United International University
                            [major_field_of_study] => Finance
                            [start_date] => Array
                                (
                                    [$date] => Array
                                        (
                                            [$numberLong] => 1705276800000
                                        )

                                )

                        )

                    [thesis_info] => 
                )

            [university_research_profile] => Array
                (
                    [research_interests] => Array
                        (
                            [0] => Financial Markets
                            [1] => Investment Analysis
                        )

                    [skills_expertise] => Array
                        (
                            [0] => Financial Modeling
                            [1] => Excel
                            [2] => Bloomberg Terminal (Basic)
                        )

                    [university_publications] => Array
                        (
                        )

                    [university_projects] => Array
                        (
                        )

                )

            [platform_settings] => Array
                (
                    [user_role] => student
                    [account_creation_date] => Array
                        (
                            [$date] => Array
                                (
                                    [$numberLong] => 1705017600000
                                )

                        )

                    [last_updated_date] => Array
                        (
                            [$date] => Array
                                (
                                    [$numberLong] => 1740009600000
                                )

                        )

                )

        )

    [user_id] => 6656d4b4f7e5b8c9a0a1b2c9
)

2025-06-20 08:36:19 - UserId extracted: 6656d4b4f7e5b8c9a0a1b2c9
2025-06-20 08:36:19 - Decoded data: Array
(
    [projectId] => 6855014411604ded39017b05
)

2025-06-20 08:36:19 - ProjectId to delete: 6855014411604ded39017b05
2025-06-20 08:36:19 - Created ObjectId successfully
2025-06-20 08:36:19 - Project found, attempting to delete
2025-06-20 08:36:19 - Project deleted successfully
2025-06-20 09:27:40 - DELETE REQUEST: {"projectId":"6855018411604ded39017b06"}
2025-06-20 09:27:40 - SESSION: Array
(
    [logged_in] => 1
    [user_type] => student
    [username] => Imran Hasan
    [profile_pic] => uploads\profile_images\user_avater.png
    [email] => imran.bba@university.edu
    [user_data] => Array
        (
            [_id] => Array
                (
                    [$oid] => 6656d4b4f7e5b8c9a0a1b2c9
                )

            [basic_info] => Array
                (
                    [name] => Imran Hasan
                    [profile_image_url] => uploads\profile_images\user_avater.png
                )

            [contact_info] => Array
                (
                    [primary_email] => imran.bba@university.edu
                )

            [academic_info] => Array
                (
                    [student_id_components] => Array
                        (
                            [program_name] => Bachelor of Business Administration
                            [program_code] => 021
                            [admission_year] => 24
                            [admission_trimester] => 1
                            [serial_number] => 0030
                        )

                    [student_id] => 0212410030
                    [department] => Business Administration
                    [faculty] => School of Business & Economics
                    [current_status] => Active
                    [enrollment_date] => Array
                        (
                            [$date] => Array
                                (
                                    [$numberLong] => 1705276800000
                                )

                        )

                    [expected_graduation_date] => Array
                        (
                            [$date] => Array
                                (
                                    [$numberLong] => 1831507200000
                                )

                        )

                    [current_year_trimester] => 1st Year, Spring Trimester
                    [cgpa] => 
                    [current_degree_info] => Array
                        (
                            [degree_level] => Bachelor's
                            [degree_name] => Bachelor of Business Administration
                            [institution_name] => United International University
                            [major_field_of_study] => Finance
                            [start_date] => Array
                                (
                                    [$date] => Array
                                        (
                                            [$numberLong] => 1705276800000
                                        )

                                )

                        )

                    [thesis_info] => 
                )

            [university_research_profile] => Array
                (
                    [research_interests] => Array
                        (
                            [0] => Financial Markets
                            [1] => Investment Analysis
                        )

                    [skills_expertise] => Array
                        (
                            [0] => Financial Modeling
                            [1] => Excel
                            [2] => Bloomberg Terminal (Basic)
                        )

                    [university_publications] => Array
                        (
                        )

                    [university_projects] => Array
                        (
                        )

                )

            [platform_settings] => Array
                (
                    [user_role] => student
                    [account_creation_date] => Array
                        (
                            [$date] => Array
                                (
                                    [$numberLong] => 1705017600000
                                )

                        )

                    [last_updated_date] => Array
                        (
                            [$date] => Array
                                (
                                    [$numberLong] => 1740009600000
                                )

                        )

                )

        )

    [user_id] => 6656d4b4f7e5b8c9a0a1b2c9
)

2025-06-20 09:27:40 - UserId extracted: 6656d4b4f7e5b8c9a0a1b2c9
2025-06-20 09:27:40 - Decoded data: Array
(
    [projectId] => 6855018411604ded39017b06
)

2025-06-20 09:27:40 - ProjectId to delete: 6855018411604ded39017b06
2025-06-20 09:27:40 - Created ObjectId successfully
2025-06-20 09:27:41 - Project found, attempting to delete
2025-06-20 09:27:41 - Project deleted successfully
2025-06-20 09:40:59 - DELETE REQUEST: {"projectId":"68550c8e727e8842b30cca72"}
2025-06-20 09:40:59 - SESSION: Array
(
    [logged_in] => 1
    [user_type] => student
    [username] => Samin yeaser khan
    [profile_pic] => uploads/profile_images/profile_6833436be5c16779b409aa42_1748502587.jpg
    [email] => www.mayen017@gmail.com
    [user_data] => Array
        (
            [_id] => Array
                (
                    [$oid] => 6833436be5c16779b409aa42
                )

            [basic_info] => Array
                (
                    [name] => Samin yeaser khan
                    [profile_image_url] => uploads/profile_images/profile_6833436be5c16779b409aa42_1748502587.jpg
                )

            [contact_info] => Array
                (
                    [primary_email] => www.mayen017@gmail.com
                )

            [academic_info] => Array
                (
                    [student_id_components] => Array
                        (
                            [program_name] => B.Sc. in Computer Science and Engineering
                            [program_code] => 
                            [admission_year] => 
                            [admission_trimester] => 
                            [serial_number] => 
                        )

                    [student_id] => 011222150
                    [department] => Computer Science and Engineering
                    [faculty] => School of Science & Engineering
                    [current_status] => Active
                    [enrollment_date] => Array
                        (
                            [$date] => Array
                                (
                                    [$numberLong] => 1654812000000
                                )

                        )

                    [expected_graduation_date] => Array
                        (
                            [$date] => Array
                                (
                                    [$numberLong] => 1790632800000
                                )

                        )

                    [current_year_trimester] => 3rd Year, Summer Trimester
                    [cgpa] => 3.7
                    [current_degree_info] => Array
                        (
                            [degree_level] => Bachelor's
                            [degree_name] => B.Sc. in Computer Science and Engineering
                            [institution_name] => United International University
                            [major_field_of_study] => Data Science
                            [start_date] => Array
                                (
                                    [$date] => Array
                                        (
                                            [$numberLong] => 1654812000000
                                        )

                                )

                        )

                    [thesis_info] => 
                )

            [university_research_profile] => Array
                (
                    [research_interests] => Array
                        (
                            [0] => AI
                            [1] => Machine Learning
                            [2] => Data Science
                        )

                    [skills_expertise] => Array
                        (
                            [0] => JavaScript
                            [1] => Python
                            [2] => HTML
                            [3] => CSS
                        )

                    [university_publications] => Array
                        (
                        )

                    [university_projects] => Array
                        (
                        )

                )

            [platform_settings] => Array
                (
                    [user_role] => student
                    [account_creation_date] => Array
                        (
                            [$date] => Array
                                (
                                    [$numberLong] => 1748502587582
                                )

                        )

                    [last_updated_date] => Array
                        (
                            [$date] => Array
                                (
                                    [$numberLong] => 1748781177375
                                )

                        )

                )

            [learning_resources] => Array
                (
                    [0] => Array
                        (
                            [title] => test
                            [url] => https://www.youtube.com
                            [category] => Data Science
                            [type] => Video
                            [description] => 
                        )

                    [1] => Array
                        (
                            [title] => test 2
                            [url] => https://www.youtube.com
                            [category] => Research Methods
                            [type] => Course
                            [description] => 
                        )

                )

        )

    [user_id] => 6833436be5c16779b409aa42
)

2025-06-20 09:40:59 - UserId extracted: 6833436be5c16779b409aa42
2025-06-20 09:40:59 - Decoded data: Array
(
    [projectId] => 68550c8e727e8842b30cca72
)

2025-06-20 09:40:59 - ProjectId to delete: 68550c8e727e8842b30cca72
2025-06-20 09:40:59 - Created ObjectId successfully
2025-06-20 09:40:59 - Project found, attempting to delete
2025-06-20 09:41:00 - Project deleted successfully
2025-06-20 09:42:35 - DELETE REQUEST: {"projectId":"68550d8baa36fda18f0116f4"}
2025-06-20 09:42:35 - SESSION: Array
(
    [logged_in] => 1
    [user_type] => student
    [username] => Samin yeaser khan
    [profile_pic] => uploads/profile_images/profile_6833436be5c16779b409aa42_1748502587.jpg
    [email] => www.mayen017@gmail.com
    [user_data] => Array
        (
            [_id] => Array
                (
                    [$oid] => 6833436be5c16779b409aa42
                )

            [basic_info] => Array
                (
                    [name] => Samin yeaser khan
                    [profile_image_url] => uploads/profile_images/profile_6833436be5c16779b409aa42_1748502587.jpg
                )

            [contact_info] => Array
                (
                    [primary_email] => www.mayen017@gmail.com
                )

            [academic_info] => Array
                (
                    [student_id_components] => Array
                        (
                            [program_name] => B.Sc. in Computer Science and Engineering
                            [program_code] => 
                            [admission_year] => 
                            [admission_trimester] => 
                            [serial_number] => 
                        )

                    [student_id] => 011222150
                    [department] => Computer Science and Engineering
                    [faculty] => School of Science & Engineering
                    [current_status] => Active
                    [enrollment_date] => Array
                        (
                            [$date] => Array
                                (
                                    [$numberLong] => 1654812000000
                                )

                        )

                    [expected_graduation_date] => Array
                        (
                            [$date] => Array
                                (
                                    [$numberLong] => 1790632800000
                                )

                        )

                    [current_year_trimester] => 3rd Year, Summer Trimester
                    [cgpa] => 3.7
                    [current_degree_info] => Array
                        (
                            [degree_level] => Bachelor's
                            [degree_name] => B.Sc. in Computer Science and Engineering
                            [institution_name] => United International University
                            [major_field_of_study] => Data Science
                            [start_date] => Array
                                (
                                    [$date] => Array
                                        (
                                            [$numberLong] => 1654812000000
                                        )

                                )

                        )

                    [thesis_info] => 
                )

            [university_research_profile] => Array
                (
                    [research_interests] => Array
                        (
                            [0] => AI
                            [1] => Machine Learning
                            [2] => Data Science
                        )

                    [skills_expertise] => Array
                        (
                            [0] => JavaScript
                            [1] => Python
                            [2] => HTML
                            [3] => CSS
                        )

                    [university_publications] => Array
                        (
                        )

                    [university_projects] => Array
                        (
                        )

                )

            [platform_settings] => Array
                (
                    [user_role] => student
                    [account_creation_date] => Array
                        (
                            [$date] => Array
                                (
                                    [$numberLong] => 1748502587582
                                )

                        )

                    [last_updated_date] => Array
                        (
                            [$date] => Array
                                (
                                    [$numberLong] => 1748781177375
                                )

                        )

                )

            [learning_resources] => Array
                (
                    [0] => Array
                        (
                            [title] => test
                            [url] => https://www.youtube.com
                            [category] => Data Science
                            [type] => Video
                            [description] => 
                        )

                    [1] => Array
                        (
                            [title] => test 2
                            [url] => https://www.youtube.com
                            [category] => Research Methods
                            [type] => Course
                            [description] => 
                        )

                )

        )

    [user_id] => 6833436be5c16779b409aa42
)

2025-06-20 09:42:35 - UserId extracted: 6833436be5c16779b409aa42
2025-06-20 09:42:35 - Decoded data: Array
(
    [projectId] => 68550d8baa36fda18f0116f4
)

2025-06-20 09:42:35 - ProjectId to delete: 68550d8baa36fda18f0116f4
2025-06-20 09:42:35 - Created ObjectId successfully
2025-06-20 09:42:35 - Project found, attempting to delete
2025-06-20 09:42:35 - Project deleted successfully
2025-06-20 09:56:51 - DELETE REQUEST: {"projectId":"6855118eaa36fda18f0116f6"}
2025-06-20 09:56:51 - SESSION: Array
(
    [logged_in] => 1
    [user_type] => student
    [username] => Samin yeaser khan
    [profile_pic] => uploads/profile_images/profile_6833436be5c16779b409aa42_1748502587.jpg
    [email] => www.mayen017@gmail.com
    [user_data] => Array
        (
            [_id] => Array
                (
                    [$oid] => 6833436be5c16779b409aa42
                )

            [basic_info] => Array
                (
                    [name] => Samin yeaser khan
                    [profile_image_url] => uploads/profile_images/profile_6833436be5c16779b409aa42_1748502587.jpg
                )

            [contact_info] => Array
                (
                    [primary_email] => www.mayen017@gmail.com
                )

            [academic_info] => Array
                (
                    [student_id_components] => Array
                        (
                            [program_name] => B.Sc. in Computer Science and Engineering
                            [program_code] => 
                            [admission_year] => 
                            [admission_trimester] => 
                            [serial_number] => 
                        )

                    [student_id] => 011222150
                    [department] => Computer Science and Engineering
                    [faculty] => School of Science & Engineering
                    [current_status] => Active
                    [enrollment_date] => Array
                        (
                            [$date] => Array
                                (
                                    [$numberLong] => 1654812000000
                                )

                        )

                    [expected_graduation_date] => Array
                        (
                            [$date] => Array
                                (
                                    [$numberLong] => 1790632800000
                                )

                        )

                    [current_year_trimester] => 3rd Year, Summer Trimester
                    [cgpa] => 3.7
                    [current_degree_info] => Array
                        (
                            [degree_level] => Bachelor's
                            [degree_name] => B.Sc. in Computer Science and Engineering
                            [institution_name] => United International University
                            [major_field_of_study] => Data Science
                            [start_date] => Array
                                (
                                    [$date] => Array
                                        (
                                            [$numberLong] => 1654812000000
                                        )

                                )

                        )

                    [thesis_info] => 
                )

            [university_research_profile] => Array
                (
                    [research_interests] => Array
                        (
                            [0] => AI
                            [1] => Machine Learning
                            [2] => Data Science
                        )

                    [skills_expertise] => Array
                        (
                            [0] => JavaScript
                            [1] => Python
                            [2] => HTML
                            [3] => CSS
                        )

                    [university_publications] => Array
                        (
                        )

                    [university_projects] => Array
                        (
                        )

                )

            [platform_settings] => Array
                (
                    [user_role] => student
                    [account_creation_date] => Array
                        (
                            [$date] => Array
                                (
                                    [$numberLong] => 1748502587582
                                )

                        )

                    [last_updated_date] => Array
                        (
                            [$date] => Array
                                (
                                    [$numberLong] => 1748781177375
                                )

                        )

                )

            [learning_resources] => Array
                (
                    [0] => Array
                        (
                            [title] => test
                            [url] => https://www.youtube.com
                            [category] => Data Science
                            [type] => Video
                            [description] => 
                        )

                    [1] => Array
                        (
                            [title] => test 2
                            [url] => https://www.youtube.com
                            [category] => Research Methods
                            [type] => Course
                            [description] => 
                        )

                )

        )

    [user_id] => 6833436be5c16779b409aa42
)

2025-06-20 09:56:51 - UserId extracted: 6833436be5c16779b409aa42
2025-06-20 09:56:51 - Decoded data: Array
(
    [projectId] => 6855118eaa36fda18f0116f6
)

2025-06-20 09:56:51 - ProjectId to delete: 6855118eaa36fda18f0116f6
2025-06-20 09:56:51 - Created ObjectId successfully
2025-06-20 09:56:51 - Project found, attempting to delete
2025-06-20 09:56:51 - Project deleted successfully
2025-06-20 10:09:46 - DELETE REQUEST: {"projectId":"685516227829b52167059382"}
2025-06-20 10:09:46 - SESSION: Array
(
    [logged_in] => 1
    [user_type] => student
    [username] => Samin yeaser khan
    [profile_pic] => uploads/profile_images/profile_6833436be5c16779b409aa42_1748502587.jpg
    [email] => www.mayen017@gmail.com
    [user_data] => Array
        (
            [_id] => Array
                (
                    [$oid] => 6833436be5c16779b409aa42
                )

            [basic_info] => Array
                (
                    [name] => Samin yeaser khan
                    [profile_image_url] => uploads/profile_images/profile_6833436be5c16779b409aa42_1748502587.jpg
                )

            [contact_info] => Array
                (
                    [primary_email] => www.mayen017@gmail.com
                )

            [academic_info] => Array
                (
                    [student_id_components] => Array
                        (
                            [program_name] => B.Sc. in Computer Science and Engineering
                            [program_code] => 
                            [admission_year] => 
                            [admission_trimester] => 
                            [serial_number] => 
                        )

                    [student_id] => 011222150
                    [department] => Computer Science and Engineering
                    [faculty] => School of Science & Engineering
                    [current_status] => Active
                    [enrollment_date] => Array
                        (
                            [$date] => Array
                                (
                                    [$numberLong] => 1654812000000
                                )

                        )

                    [expected_graduation_date] => Array
                        (
                            [$date] => Array
                                (
                                    [$numberLong] => 1790632800000
                                )

                        )

                    [current_year_trimester] => 3rd Year, Summer Trimester
                    [cgpa] => 3.7
                    [current_degree_info] => Array
                        (
                            [degree_level] => Bachelor's
                            [degree_name] => B.Sc. in Computer Science and Engineering
                            [institution_name] => United International University
                            [major_field_of_study] => Data Science
                            [start_date] => Array
                                (
                                    [$date] => Array
                                        (
                                            [$numberLong] => 1654812000000
                                        )

                                )

                        )

                    [thesis_info] => 
                )

            [university_research_profile] => Array
                (
                    [research_interests] => Array
                        (
                            [0] => AI
                            [1] => Machine Learning
                            [2] => Data Science
                        )

                    [skills_expertise] => Array
                        (
                            [0] => JavaScript
                            [1] => Python
                            [2] => HTML
                            [3] => CSS
                        )

                    [university_publications] => Array
                        (
                        )

                    [university_projects] => Array
                        (
                        )

                )

            [platform_settings] => Array
                (
                    [user_role] => student
                    [account_creation_date] => Array
                        (
                            [$date] => Array
                                (
                                    [$numberLong] => 1748502587582
                                )

                        )

                    [last_updated_date] => Array
                        (
                            [$date] => Array
                                (
                                    [$numberLong] => 1748781177375
                                )

                        )

                )

            [learning_resources] => Array
                (
                    [0] => Array
                        (
                            [title] => test
                            [url] => https://www.youtube.com
                            [category] => Data Science
                            [type] => Video
                            [description] => 
                        )

                    [1] => Array
                        (
                            [title] => test 2
                            [url] => https://www.youtube.com
                            [category] => Research Methods
                            [type] => Course
                            [description] => 
                        )

                )

        )

    [user_id] => 6833436be5c16779b409aa42
)

2025-06-20 10:09:46 - UserId extracted: 6833436be5c16779b409aa42
2025-06-20 10:09:46 - Decoded data: Array
(
    [projectId] => 685516227829b52167059382
)

2025-06-20 10:09:46 - ProjectId to delete: 685516227829b52167059382
2025-06-20 10:09:46 - Created ObjectId successfully
2025-06-20 10:09:46 - Project found, attempting to delete
2025-06-20 10:09:46 - Project deleted successfully
2025-06-20 10:13:41 - DELETE REQUEST: {"projectId":"68550b614f4489ab5908a762"}
2025-06-20 10:13:41 - SESSION: Array
(
    [logged_in] => 1
    [user_type] => student
    [username] => Samin yeaser khan
    [profile_pic] => uploads/profile_images/profile_6833436be5c16779b409aa42_1748502587.jpg
    [email] => www.mayen017@gmail.com
    [user_data] => Array
        (
            [_id] => Array
                (
                    [$oid] => 6833436be5c16779b409aa42
                )

            [basic_info] => Array
                (
                    [name] => Samin yeaser khan
                    [profile_image_url] => uploads/profile_images/profile_6833436be5c16779b409aa42_1748502587.jpg
                )

            [contact_info] => Array
                (
                    [primary_email] => www.mayen017@gmail.com
                )

            [academic_info] => Array
                (
                    [student_id_components] => Array
                        (
                            [program_name] => B.Sc. in Computer Science and Engineering
                            [program_code] => 
                            [admission_year] => 
                            [admission_trimester] => 
                            [serial_number] => 
                        )

                    [student_id] => 011222150
                    [department] => Computer Science and Engineering
                    [faculty] => School of Science & Engineering
                    [current_status] => Active
                    [enrollment_date] => Array
                        (
                            [$date] => Array
                                (
                                    [$numberLong] => 1654812000000
                                )

                        )

                    [expected_graduation_date] => Array
                        (
                            [$date] => Array
                                (
                                    [$numberLong] => 1790632800000
                                )

                        )

                    [current_year_trimester] => 3rd Year, Summer Trimester
                    [cgpa] => 3.7
                    [current_degree_info] => Array
                        (
                            [degree_level] => Bachelor's
                            [degree_name] => B.Sc. in Computer Science and Engineering
                            [institution_name] => United International University
                            [major_field_of_study] => Data Science
                            [start_date] => Array
                                (
                                    [$date] => Array
                                        (
                                            [$numberLong] => 1654812000000
                                        )

                                )

                        )

                    [thesis_info] => 
                )

            [university_research_profile] => Array
                (
                    [research_interests] => Array
                        (
                            [0] => AI
                            [1] => Machine Learning
                            [2] => Data Science
                        )

                    [skills_expertise] => Array
                        (
                            [0] => JavaScript
                            [1] => Python
                            [2] => HTML
                            [3] => CSS
                        )

                    [university_publications] => Array
                        (
                        )

                    [university_projects] => Array
                        (
                        )

                )

            [platform_settings] => Array
                (
                    [user_role] => student
                    [account_creation_date] => Array
                        (
                            [$date] => Array
                                (
                                    [$numberLong] => 1748502587582
                                )

                        )

                    [last_updated_date] => Array
                        (
                            [$date] => Array
                                (
                                    [$numberLong] => 1748781177375
                                )

                        )

                )

            [learning_resources] => Array
                (
                    [0] => Array
                        (
                            [title] => test
                            [url] => https://www.youtube.com
                            [category] => Data Science
                            [type] => Video
                            [description] => 
                        )

                    [1] => Array
                        (
                            [title] => test 2
                            [url] => https://www.youtube.com
                            [category] => Research Methods
                            [type] => Course
                            [description] => 
                        )

                )

        )

    [user_id] => 6833436be5c16779b409aa42
)

2025-06-20 10:13:41 - UserId extracted: 6833436be5c16779b409aa42
2025-06-20 10:13:41 - Decoded data: Array
(
    [projectId] => 68550b614f4489ab5908a762
)

2025-06-20 10:13:41 - ProjectId to delete: 68550b614f4489ab5908a762
2025-06-20 10:13:41 - Created ObjectId successfully
2025-06-20 10:13:41 - Project found, attempting to delete
2025-06-20 10:13:41 - Project deleted successfully
2025-06-20 10:23:44 - DELETE REQUEST: {"projectId":"685508edda4f06f59c025362"}
2025-06-20 10:23:44 - SESSION: Array
(
    [logged_in] => 1
    [user_type] => student
    [username] => Samin yeaser khan
    [profile_pic] => uploads/profile_images/profile_6833436be5c16779b409aa42_1748502587.jpg
    [email] => www.mayen017@gmail.com
    [user_data] => Array
        (
            [_id] => Array
                (
                    [$oid] => 6833436be5c16779b409aa42
                )

            [basic_info] => Array
                (
                    [name] => Samin yeaser khan
                    [profile_image_url] => uploads/profile_images/profile_6833436be5c16779b409aa42_1748502587.jpg
                )

            [contact_info] => Array
                (
                    [primary_email] => www.mayen017@gmail.com
                )

            [academic_info] => Array
                (
                    [student_id_components] => Array
                        (
                            [program_name] => B.Sc. in Computer Science and Engineering
                            [program_code] => 
                            [admission_year] => 
                            [admission_trimester] => 
                            [serial_number] => 
                        )

                    [student_id] => 011222150
                    [department] => Computer Science and Engineering
                    [faculty] => School of Science & Engineering
                    [current_status] => Active
                    [enrollment_date] => Array
                        (
                            [$date] => Array
                                (
                                    [$numberLong] => 1654812000000
                                )

                        )

                    [expected_graduation_date] => Array
                        (
                            [$date] => Array
                                (
                                    [$numberLong] => 1790632800000
                                )

                        )

                    [current_year_trimester] => 3rd Year, Summer Trimester
                    [cgpa] => 3.7
                    [current_degree_info] => Array
                        (
                            [degree_level] => Bachelor's
                            [degree_name] => B.Sc. in Computer Science and Engineering
                            [institution_name] => United International University
                            [major_field_of_study] => Data Science
                            [start_date] => Array
                                (
                                    [$date] => Array
                                        (
                                            [$numberLong] => 1654812000000
                                        )

                                )

                        )

                    [thesis_info] => 
                )

            [university_research_profile] => Array
                (
                    [research_interests] => Array
                        (
                            [0] => AI
                            [1] => Machine Learning
                            [2] => Data Science
                        )

                    [skills_expertise] => Array
                        (
                            [0] => JavaScript
                            [1] => Python
                            [2] => HTML
                            [3] => CSS
                        )

                    [university_publications] => Array
                        (
                        )

                    [university_projects] => Array
                        (
                        )

                )

            [platform_settings] => Array
                (
                    [user_role] => student
                    [account_creation_date] => Array
                        (
                            [$date] => Array
                                (
                                    [$numberLong] => 1748502587582
                                )

                        )

                    [last_updated_date] => Array
                        (
                            [$date] => Array
                                (
                                    [$numberLong] => 1748781177375
                                )

                        )

                )

            [learning_resources] => Array
                (
                    [0] => Array
                        (
                            [title] => test
                            [url] => https://www.youtube.com
                            [category] => Data Science
                            [type] => Video
                            [description] => 
                        )

                    [1] => Array
                        (
                            [title] => test 2
                            [url] => https://www.youtube.com
                            [category] => Research Methods
                            [type] => Course
                            [description] => 
                        )

                )

        )

    [user_id] => 6833436be5c16779b409aa42
)

2025-06-20 10:23:44 - UserId extracted: 6833436be5c16779b409aa42
2025-06-20 10:23:44 - Decoded data: Array
(
    [projectId] => 685508edda4f06f59c025362
)

2025-06-20 10:23:44 - ProjectId to delete: 685508edda4f06f59c025362
2025-06-20 10:23:44 - Created ObjectId successfully
2025-06-20 10:23:44 - Project found, attempting to delete
2025-06-20 10:23:44 - Project deleted successfully
2025-06-20 10:23:47 - DELETE REQUEST: {"projectId":"68550832e03d4ccb60051ca2"}
2025-06-20 10:23:47 - SESSION: Array
(
    [logged_in] => 1
    [user_type] => student
    [username] => Samin yeaser khan
    [profile_pic] => uploads/profile_images/profile_6833436be5c16779b409aa42_1748502587.jpg
    [email] => www.mayen017@gmail.com
    [user_data] => Array
        (
            [_id] => Array
                (
                    [$oid] => 6833436be5c16779b409aa42
                )

            [basic_info] => Array
                (
                    [name] => Samin yeaser khan
                    [profile_image_url] => uploads/profile_images/profile_6833436be5c16779b409aa42_1748502587.jpg
                )

            [contact_info] => Array
                (
                    [primary_email] => www.mayen017@gmail.com
                )

            [academic_info] => Array
                (
                    [student_id_components] => Array
                        (
                            [program_name] => B.Sc. in Computer Science and Engineering
                            [program_code] => 
                            [admission_year] => 
                            [admission_trimester] => 
                            [serial_number] => 
                        )

                    [student_id] => 011222150
                    [department] => Computer Science and Engineering
                    [faculty] => School of Science & Engineering
                    [current_status] => Active
                    [enrollment_date] => Array
                        (
                            [$date] => Array
                                (
                                    [$numberLong] => 1654812000000
                                )

                        )

                    [expected_graduation_date] => Array
                        (
                            [$date] => Array
                                (
                                    [$numberLong] => 1790632800000
                                )

                        )

                    [current_year_trimester] => 3rd Year, Summer Trimester
                    [cgpa] => 3.7
                    [current_degree_info] => Array
                        (
                            [degree_level] => Bachelor's
                            [degree_name] => B.Sc. in Computer Science and Engineering
                            [institution_name] => United International University
                            [major_field_of_study] => Data Science
                            [start_date] => Array
                                (
                                    [$date] => Array
                                        (
                                            [$numberLong] => 1654812000000
                                        )

                                )

                        )

                    [thesis_info] => 
                )

            [university_research_profile] => Array
                (
                    [research_interests] => Array
                        (
                            [0] => AI
                            [1] => Machine Learning
                            [2] => Data Science
                        )

                    [skills_expertise] => Array
                        (
                            [0] => JavaScript
                            [1] => Python
                            [2] => HTML
                            [3] => CSS
                        )

                    [university_publications] => Array
                        (
                        )

                    [university_projects] => Array
                        (
                        )

                )

            [platform_settings] => Array
                (
                    [user_role] => student
                    [account_creation_date] => Array
                        (
                            [$date] => Array
                                (
                                    [$numberLong] => 1748502587582
                                )

                        )

                    [last_updated_date] => Array
                        (
                            [$date] => Array
                                (
                                    [$numberLong] => 1748781177375
                                )

                        )

                )

            [learning_resources] => Array
                (
                    [0] => Array
                        (
                            [title] => test
                            [url] => https://www.youtube.com
                            [category] => Data Science
                            [type] => Video
                            [description] => 
                        )

                    [1] => Array
                        (
                            [title] => test 2
                            [url] => https://www.youtube.com
                            [category] => Research Methods
                            [type] => Course
                            [description] => 
                        )

                )

        )

    [user_id] => 6833436be5c16779b409aa42
)

2025-06-20 10:23:47 - UserId extracted: 6833436be5c16779b409aa42
2025-06-20 10:23:47 - Decoded data: Array
(
    [projectId] => 68550832e03d4ccb60051ca2
)

2025-06-20 10:23:47 - ProjectId to delete: 68550832e03d4ccb60051ca2
2025-06-20 10:23:47 - Created ObjectId successfully
2025-06-20 10:23:47 - Project found, attempting to delete
2025-06-20 10:23:47 - Project deleted successfully
2025-06-20 10:23:55 - DELETE REQUEST: {"projectId":"683952c129e2e29768009ea2"}
2025-06-20 10:23:55 - SESSION: Array
(
    [logged_in] => 1
    [user_type] => student
    [username] => Samin yeaser khan
    [profile_pic] => uploads/profile_images/profile_6833436be5c16779b409aa42_1748502587.jpg
    [email] => www.mayen017@gmail.com
    [user_data] => Array
        (
            [_id] => Array
                (
                    [$oid] => 6833436be5c16779b409aa42
                )

            [basic_info] => Array
                (
                    [name] => Samin yeaser khan
                    [profile_image_url] => uploads/profile_images/profile_6833436be5c16779b409aa42_1748502587.jpg
                )

            [contact_info] => Array
                (
                    [primary_email] => www.mayen017@gmail.com
                )

            [academic_info] => Array
                (
                    [student_id_components] => Array
                        (
                            [program_name] => B.Sc. in Computer Science and Engineering
                            [program_code] => 
                            [admission_year] => 
                            [admission_trimester] => 
                            [serial_number] => 
                        )

                    [student_id] => 011222150
                    [department] => Computer Science and Engineering
                    [faculty] => School of Science & Engineering
                    [current_status] => Active
                    [enrollment_date] => Array
                        (
                            [$date] => Array
                                (
                                    [$numberLong] => 1654812000000
                                )

                        )

                    [expected_graduation_date] => Array
                        (
                            [$date] => Array
                                (
                                    [$numberLong] => 1790632800000
                                )

                        )

                    [current_year_trimester] => 3rd Year, Summer Trimester
                    [cgpa] => 3.7
                    [current_degree_info] => Array
                        (
                            [degree_level] => Bachelor's
                            [degree_name] => B.Sc. in Computer Science and Engineering
                            [institution_name] => United International University
                            [major_field_of_study] => Data Science
                            [start_date] => Array
                                (
                                    [$date] => Array
                                        (
                                            [$numberLong] => 1654812000000
                                        )

                                )

                        )

                    [thesis_info] => 
                )

            [university_research_profile] => Array
                (
                    [research_interests] => Array
                        (
                            [0] => AI
                            [1] => Machine Learning
                            [2] => Data Science
                        )

                    [skills_expertise] => Array
                        (
                            [0] => JavaScript
                            [1] => Python
                            [2] => HTML
                            [3] => CSS
                        )

                    [university_publications] => Array
                        (
                        )

                    [university_projects] => Array
                        (
                        )

                )

            [platform_settings] => Array
                (
                    [user_role] => student
                    [account_creation_date] => Array
                        (
                            [$date] => Array
                                (
                                    [$numberLong] => 1748502587582
                                )

                        )

                    [last_updated_date] => Array
                        (
                            [$date] => Array
                                (
                                    [$numberLong] => 1748781177375
                                )

                        )

                )

            [learning_resources] => Array
                (
                    [0] => Array
                        (
                            [title] => test
                            [url] => https://www.youtube.com
                            [category] => Data Science
                            [type] => Video
                            [description] => 
                        )

                    [1] => Array
                        (
                            [title] => test 2
                            [url] => https://www.youtube.com
                            [category] => Research Methods
                            [type] => Course
                            [description] => 
                        )

                )

        )

    [user_id] => 6833436be5c16779b409aa42
)

2025-06-20 10:23:55 - UserId extracted: 6833436be5c16779b409aa42
2025-06-20 10:23:55 - Decoded data: Array
(
    [projectId] => 683952c129e2e29768009ea2
)

2025-06-20 10:23:55 - ProjectId to delete: 683952c129e2e29768009ea2
2025-06-20 10:23:55 - Created ObjectId successfully
2025-06-20 10:23:55 - Project found, attempting to delete
2025-06-20 10:23:55 - Project deleted successfully
2025-06-20 10:23:59 - DELETE REQUEST: {"projectId":"68394eca47b404fa420d1582"}
2025-06-20 10:23:59 - SESSION: Array
(
    [logged_in] => 1
    [user_type] => student
    [username] => Samin yeaser khan
    [profile_pic] => uploads/profile_images/profile_6833436be5c16779b409aa42_1748502587.jpg
    [email] => www.mayen017@gmail.com
    [user_data] => Array
        (
            [_id] => Array
                (
                    [$oid] => 6833436be5c16779b409aa42
                )

            [basic_info] => Array
                (
                    [name] => Samin yeaser khan
                    [profile_image_url] => uploads/profile_images/profile_6833436be5c16779b409aa42_1748502587.jpg
                )

            [contact_info] => Array
                (
                    [primary_email] => www.mayen017@gmail.com
                )

            [academic_info] => Array
                (
                    [student_id_components] => Array
                        (
                            [program_name] => B.Sc. in Computer Science and Engineering
                            [program_code] => 
                            [admission_year] => 
                            [admission_trimester] => 
                            [serial_number] => 
                        )

                    [student_id] => 011222150
                    [department] => Computer Science and Engineering
                    [faculty] => School of Science & Engineering
                    [current_status] => Active
                    [enrollment_date] => Array
                        (
                            [$date] => Array
                                (
                                    [$numberLong] => 1654812000000
                                )

                        )

                    [expected_graduation_date] => Array
                        (
                            [$date] => Array
                                (
                                    [$numberLong] => 1790632800000
                                )

                        )

                    [current_year_trimester] => 3rd Year, Summer Trimester
                    [cgpa] => 3.7
                    [current_degree_info] => Array
                        (
                            [degree_level] => Bachelor's
                            [degree_name] => B.Sc. in Computer Science and Engineering
                            [institution_name] => United International University
                            [major_field_of_study] => Data Science
                            [start_date] => Array
                                (
                                    [$date] => Array
                                        (
                                            [$numberLong] => 1654812000000
                                        )

                                )

                        )

                    [thesis_info] => 
                )

            [university_research_profile] => Array
                (
                    [research_interests] => Array
                        (
                            [0] => AI
                            [1] => Machine Learning
                            [2] => Data Science
                        )

                    [skills_expertise] => Array
                        (
                            [0] => JavaScript
                            [1] => Python
                            [2] => HTML
                            [3] => CSS
                        )

                    [university_publications] => Array
                        (
                        )

                    [university_projects] => Array
                        (
                        )

                )

            [platform_settings] => Array
                (
                    [user_role] => student
                    [account_creation_date] => Array
                        (
                            [$date] => Array
                                (
                                    [$numberLong] => 1748502587582
                                )

                        )

                    [last_updated_date] => Array
                        (
                            [$date] => Array
                                (
                                    [$numberLong] => 1748781177375
                                )

                        )

                )

            [learning_resources] => Array
                (
                    [0] => Array
                        (
                            [title] => test
                            [url] => https://www.youtube.com
                            [category] => Data Science
                            [type] => Video
                            [description] => 
                        )

                    [1] => Array
                        (
                            [title] => test 2
                            [url] => https://www.youtube.com
                            [category] => Research Methods
                            [type] => Course
                            [description] => 
                        )

                )

        )

    [user_id] => 6833436be5c16779b409aa42
)

2025-06-20 10:23:59 - UserId extracted: 6833436be5c16779b409aa42
2025-06-20 10:23:59 - Decoded data: Array
(
    [projectId] => 68394eca47b404fa420d1582
)

2025-06-20 10:23:59 - ProjectId to delete: 68394eca47b404fa420d1582
2025-06-20 10:23:59 - Created ObjectId successfully
2025-06-20 10:23:59 - Project found, attempting to delete
2025-06-20 10:23:59 - Project deleted successfully
2025-06-20 10:24:54 - DELETE REQUEST: {"projectId":"6855146c9ac40b4b270d5924"}
2025-06-20 10:24:54 - SESSION: Array
(
    [logged_in] => 1
    [user_type] => student
    [username] => Imran Hasan
    [profile_pic] => uploads\profile_images\user_avater.png
    [email] => imran.bba@university.edu
    [user_data] => Array
        (
            [_id] => Array
                (
                    [$oid] => 6656d4b4f7e5b8c9a0a1b2c9
                )

            [basic_info] => Array
                (
                    [name] => Imran Hasan
                    [profile_image_url] => uploads\profile_images\user_avater.png
                )

            [contact_info] => Array
                (
                    [primary_email] => imran.bba@university.edu
                )

            [academic_info] => Array
                (
                    [student_id_components] => Array
                        (
                            [program_name] => Bachelor of Business Administration
                            [program_code] => 021
                            [admission_year] => 24
                            [admission_trimester] => 1
                            [serial_number] => 0030
                        )

                    [student_id] => 0212410030
                    [department] => Business Administration
                    [faculty] => School of Business & Economics
                    [current_status] => Active
                    [enrollment_date] => Array
                        (
                            [$date] => Array
                                (
                                    [$numberLong] => 1705276800000
                                )

                        )

                    [expected_graduation_date] => Array
                        (
                            [$date] => Array
                                (
                                    [$numberLong] => 1831507200000
                                )

                        )

                    [current_year_trimester] => 1st Year, Spring Trimester
                    [cgpa] => 
                    [current_degree_info] => Array
                        (
                            [degree_level] => Bachelor's
                            [degree_name] => Bachelor of Business Administration
                            [institution_name] => United International University
                            [major_field_of_study] => Finance
                            [start_date] => Array
                                (
                                    [$date] => Array
                                        (
                                            [$numberLong] => 1705276800000
                                        )

                                )

                        )

                    [thesis_info] => 
                )

            [university_research_profile] => Array
                (
                    [research_interests] => Array
                        (
                            [0] => Financial Markets
                            [1] => Investment Analysis
                        )

                    [skills_expertise] => Array
                        (
                            [0] => Financial Modeling
                            [1] => Excel
                            [2] => Bloomberg Terminal (Basic)
                        )

                    [university_publications] => Array
                        (
                        )

                    [university_projects] => Array
                        (
                        )

                )

            [platform_settings] => Array
                (
                    [user_role] => student
                    [account_creation_date] => Array
                        (
                            [$date] => Array
                                (
                                    [$numberLong] => 1705017600000
                                )

                        )

                    [last_updated_date] => Array
                        (
                            [$date] => Array
                                (
                                    [$numberLong] => 1740009600000
                                )

                        )

                )

        )

    [user_id] => 6656d4b4f7e5b8c9a0a1b2c9
)

2025-06-20 10:24:54 - UserId extracted: 6656d4b4f7e5b8c9a0a1b2c9
2025-06-20 10:24:54 - Decoded data: Array
(
    [projectId] => 6855146c9ac40b4b270d5924
)

2025-06-20 10:24:54 - ProjectId to delete: 6855146c9ac40b4b270d5924
2025-06-20 10:24:54 - Created ObjectId successfully
2025-06-20 10:24:54 - Project found, attempting to delete
2025-06-20 10:24:55 - Project deleted successfully
2025-06-20 13:15:05 - DELETE REQUEST: {"projectId":"68553ea8793d650a9900a574"}
2025-06-20 13:15:05 - SESSION: Array
(
    [logged_in] => 1
    [user_type] => student
    [username] => Samin yeaser khan
    [profile_pic] => uploads/profile_images/profile_6833436be5c16779b409aa42_1748502587.jpg
    [email] => www.mayen017@gmail.com
    [user_data] => Array
        (
            [_id] => Array
                (
                    [$oid] => 6833436be5c16779b409aa42
                )

            [basic_info] => Array
                (
                    [name] => Samin yeaser khan
                    [profile_image_url] => uploads/profile_images/profile_6833436be5c16779b409aa42_1748502587.jpg
                )

            [contact_info] => Array
                (
                    [primary_email] => www.mayen017@gmail.com
                )

            [academic_info] => Array
                (
                    [student_id_components] => Array
                        (
                            [program_name] => B.Sc. in Computer Science and Engineering
                            [program_code] => 
                            [admission_year] => 
                            [admission_trimester] => 
                            [serial_number] => 
                        )

                    [student_id] => 011222150
                    [department] => Computer Science and Engineering
                    [faculty] => School of Science & Engineering
                    [current_status] => Active
                    [enrollment_date] => Array
                        (
                            [$date] => Array
                                (
                                    [$numberLong] => 1654812000000
                                )

                        )

                    [expected_graduation_date] => Array
                        (
                            [$date] => Array
                                (
                                    [$numberLong] => 1790632800000
                                )

                        )

                    [current_year_trimester] => 3rd Year, Summer Trimester
                    [cgpa] => 3.7
                    [current_degree_info] => Array
                        (
                            [degree_level] => Bachelor's
                            [degree_name] => B.Sc. in Computer Science and Engineering
                            [institution_name] => United International University
                            [major_field_of_study] => Data Science
                            [start_date] => Array
                                (
                                    [$date] => Array
                                        (
                                            [$numberLong] => 1654812000000
                                        )

                                )

                        )

                    [thesis_info] => 
                )

            [university_research_profile] => Array
                (
                    [research_interests] => Array
                        (
                            [0] => AI
                            [1] => Machine Learning
                            [2] => Data Science
                        )

                    [skills_expertise] => Array
                        (
                            [0] => JavaScript
                            [1] => Python
                            [2] => HTML
                            [3] => CSS
                        )

                    [university_publications] => Array
                        (
                        )

                    [university_projects] => Array
                        (
                        )

                )

            [platform_settings] => Array
                (
                    [user_role] => student
                    [account_creation_date] => Array
                        (
                            [$date] => Array
                                (
                                    [$numberLong] => 1748502587582
                                )

                        )

                    [last_updated_date] => Array
                        (
                            [$date] => Array
                                (
                                    [$numberLong] => 1748781177375
                                )

                        )

                )

            [learning_resources] => Array
                (
                    [0] => Array
                        (
                            [title] => test
                            [url] => https://www.youtube.com
                            [category] => Data Science
                            [type] => Video
                            [description] => 
                        )

                    [1] => Array
                        (
                            [title] => test 2
                            [url] => https://www.youtube.com
                            [category] => Research Methods
                            [type] => Course
                            [description] => 
                        )

                )

        )

    [user_id] => 6833436be5c16779b409aa42
)

2025-06-20 13:15:05 - UserId extracted: 6833436be5c16779b409aa42
2025-06-20 13:15:05 - Decoded data: Array
(
    [projectId] => 68553ea8793d650a9900a574
)

2025-06-20 13:15:05 - ProjectId to delete: 68553ea8793d650a9900a574
2025-06-20 13:15:05 - Created ObjectId successfully
2025-06-20 13:15:05 - Project found, attempting to delete
2025-06-20 13:15:05 - Project deleted successfully
2025-06-20 14:17:17 - DELETE REQUEST: {"projectId":"68554c89793d650a9900a579"}
2025-06-20 14:17:17 - SESSION: Array
(
    [logged_in] => 1
    [user_type] => student
    [username] => Samin yeaser khan
    [profile_pic] => uploads/profile_images/profile_6833436be5c16779b409aa42_1748502587.jpg
    [email] => www.mayen017@gmail.com
    [user_data] => Array
        (
            [_id] => Array
                (
                    [$oid] => 6833436be5c16779b409aa42
                )

            [basic_info] => Array
                (
                    [name] => Samin yeaser khan
                    [profile_image_url] => uploads/profile_images/profile_6833436be5c16779b409aa42_1748502587.jpg
                )

            [contact_info] => Array
                (
                    [primary_email] => www.mayen017@gmail.com
                )

            [academic_info] => Array
                (
                    [student_id_components] => Array
                        (
                            [program_name] => B.Sc. in Computer Science and Engineering
                            [program_code] => 
                            [admission_year] => 
                            [admission_trimester] => 
                            [serial_number] => 
                        )

                    [student_id] => 011222150
                    [department] => Computer Science and Engineering
                    [faculty] => School of Science & Engineering
                    [current_status] => Active
                    [enrollment_date] => Array
                        (
                            [$date] => Array
                                (
                                    [$numberLong] => 1654812000000
                                )

                        )

                    [expected_graduation_date] => Array
                        (
                            [$date] => Array
                                (
                                    [$numberLong] => 1790632800000
                                )

                        )

                    [current_year_trimester] => 3rd Year, Summer Trimester
                    [cgpa] => 3.7
                    [current_degree_info] => Array
                        (
                            [degree_level] => Bachelor's
                            [degree_name] => B.Sc. in Computer Science and Engineering
                            [institution_name] => United International University
                            [major_field_of_study] => Data Science
                            [start_date] => Array
                                (
                                    [$date] => Array
                                        (
                                            [$numberLong] => 1654812000000
                                        )

                                )

                        )

                    [thesis_info] => 
                )

            [university_research_profile] => Array
                (
                    [research_interests] => Array
                        (
                            [0] => AI
                            [1] => Machine Learning
                            [2] => Data Science
                        )

                    [skills_expertise] => Array
                        (
                            [0] => JavaScript
                            [1] => Python
                            [2] => HTML
                            [3] => CSS
                        )

                    [university_publications] => Array
                        (
                        )

                    [university_projects] => Array
                        (
                        )

                )

            [platform_settings] => Array
                (
                    [user_role] => student
                    [account_creation_date] => Array
                        (
                            [$date] => Array
                                (
                                    [$numberLong] => 1748502587582
                                )

                        )

                    [last_updated_date] => Array
                        (
                            [$date] => Array
                                (
                                    [$numberLong] => 1748781177375
                                )

                        )

                )

            [learning_resources] => Array
                (
                    [0] => Array
                        (
                            [title] => test
                            [url] => https://www.youtube.com
                            [category] => Data Science
                            [type] => Video
                            [description] => 
                        )

                    [1] => Array
                        (
                            [title] => test 2
                            [url] => https://www.youtube.com
                            [category] => Research Methods
                            [type] => Course
                            [description] => 
                        )

                )

        )

    [user_id] => 6833436be5c16779b409aa42
)

2025-06-20 14:17:17 - UserId extracted: 6833436be5c16779b409aa42
2025-06-20 14:17:17 - Decoded data: Array
(
    [projectId] => 68554c89793d650a9900a579
)

2025-06-20 14:17:17 - ProjectId to delete: 68554c89793d650a9900a579
2025-06-20 14:17:17 - Created ObjectId successfully
2025-06-20 14:17:18 - Project found, attempting to delete
2025-06-20 14:17:18 - Project deleted successfully
2025-06-20 14:17:25 - DELETE REQUEST: {"projectId":"685517289ac40b4b270d592a"}
2025-06-20 14:17:25 - SESSION: Array
(
    [logged_in] => 1
    [user_type] => student
    [username] => Samin yeaser khan
    [profile_pic] => uploads/profile_images/profile_6833436be5c16779b409aa42_1748502587.jpg
    [email] => www.mayen017@gmail.com
    [user_data] => Array
        (
            [_id] => Array
                (
                    [$oid] => 6833436be5c16779b409aa42
                )

            [basic_info] => Array
                (
                    [name] => Samin yeaser khan
                    [profile_image_url] => uploads/profile_images/profile_6833436be5c16779b409aa42_1748502587.jpg
                )

            [contact_info] => Array
                (
                    [primary_email] => www.mayen017@gmail.com
                )

            [academic_info] => Array
                (
                    [student_id_components] => Array
                        (
                            [program_name] => B.Sc. in Computer Science and Engineering
                            [program_code] => 
                            [admission_year] => 
                            [admission_trimester] => 
                            [serial_number] => 
                        )

                    [student_id] => 011222150
                    [department] => Computer Science and Engineering
                    [faculty] => School of Science & Engineering
                    [current_status] => Active
                    [enrollment_date] => Array
                        (
                            [$date] => Array
                                (
                                    [$numberLong] => 1654812000000
                                )

                        )

                    [expected_graduation_date] => Array
                        (
                            [$date] => Array
                                (
                                    [$numberLong] => 1790632800000
                                )

                        )

                    [current_year_trimester] => 3rd Year, Summer Trimester
                    [cgpa] => 3.7
                    [current_degree_info] => Array
                        (
                            [degree_level] => Bachelor's
                            [degree_name] => B.Sc. in Computer Science and Engineering
                            [institution_name] => United International University
                            [major_field_of_study] => Data Science
                            [start_date] => Array
                                (
                                    [$date] => Array
                                        (
                                            [$numberLong] => 1654812000000
                                        )

                                )

                        )

                    [thesis_info] => 
                )

            [university_research_profile] => Array
                (
                    [research_interests] => Array
                        (
                            [0] => AI
                            [1] => Machine Learning
                            [2] => Data Science
                        )

                    [skills_expertise] => Array
                        (
                            [0] => JavaScript
                            [1] => Python
                            [2] => HTML
                            [3] => CSS
                        )

                    [university_publications] => Array
                        (
                        )

                    [university_projects] => Array
                        (
                        )

                )

            [platform_settings] => Array
                (
                    [user_role] => student
                    [account_creation_date] => Array
                        (
                            [$date] => Array
                                (
                                    [$numberLong] => 1748502587582
                                )

                        )

                    [last_updated_date] => Array
                        (
                            [$date] => Array
                                (
                                    [$numberLong] => 1748781177375
                                )

                        )

                )

            [learning_resources] => Array
                (
                    [0] => Array
                        (
                            [title] => test
                            [url] => https://www.youtube.com
                            [category] => Data Science
                            [type] => Video
                            [description] => 
                        )

                    [1] => Array
                        (
                            [title] => test 2
                            [url] => https://www.youtube.com
                            [category] => Research Methods
                            [type] => Course
                            [description] => 
                        )

                )

        )

    [user_id] => 6833436be5c16779b409aa42
)

2025-06-20 14:17:25 - UserId extracted: 6833436be5c16779b409aa42
2025-06-20 14:17:25 - Decoded data: Array
(
    [projectId] => 685517289ac40b4b270d592a
)

2025-06-20 14:17:25 - ProjectId to delete: 685517289ac40b4b270d592a
2025-06-20 14:17:25 - Created ObjectId successfully
2025-06-20 14:17:25 - Project found, attempting to delete
2025-06-20 14:17:25 - Project deleted successfully
